// Vitest Snapshot v1, https://vitest.dev/guide/snapshot.html

exports[`git-jira-branch info > info subcommand prints ticket info for current branch 1`] = `
"[0;4m[0;1;4mGCJB-1[0;4m - E2E Test ticket with a fancy summary [0m
[0;4m[0;1;4mTask[0;4m | [0;1;4mStatus:[0;4m To Do | [0;1;4mCreator:[0;4m Alexander Pankoff | [0;1;4mAssignee:[0;4m Alexander Pankoff[0m

*!!\\!IMPORTANT\\!!!*  - Do not modify this ticket without updating
{{git-jira-branch}} E2E tests aswell!


The description of this E2E Test ticket is even more fancy

In the description, there exist certain lines of considerable length that,
despite their extensive character count, do not contribute any meaningful or
valuable information whatsoever.

* a list item
** a sublist item
** {{inline code}}
** _Italics_
** +Underlined+
** -Strikethrough-

||*Table Row 1*||*Table Row 2*||
|Cell 1|Cell 2|
|Cell 3|Cell 4|

{noformat}const sourceCode: string = "some ts source code";{noformat}
"
`;

exports[`git-jira-branch info > prints ticket info for given ticket 1`] = `
"[0;4m[0;1;4mGCJB-1[0;4m - E2E Test ticket with a fancy summary [0m
[0;4m[0;1;4mTask[0;4m | [0;1;4mStatus:[0;4m To Do | [0;1;4mCreator:[0;4m Alexander Pankoff | [0;1;4mAssignee:[0;4m Alexander Pankoff[0m

*!!\\!IMPORTANT\\!!!*  - Do not modify this ticket without updating
{{git-jira-branch}} E2E tests aswell!


The description of this E2E Test ticket is even more fancy

In the description, there exist certain lines of considerable length that,
despite their extensive character count, do not contribute any meaningful or
valuable information whatsoever.

* a list item
** a sublist item
** {{inline code}}
** _Italics_
** +Underlined+
** -Strikethrough-

||*Table Row 1*||*Table Row 2*||
|Cell 1|Cell 2|
|Cell 3|Cell 4|

{noformat}const sourceCode: string = "some ts source code";{noformat}
"
`;
